Component: ARM Compiler 5.06 update 5 (build 528) Tool: armlink [4d35e2]

==============================================================================

Section Cross References

    startup_mk66f18.o(RESET) refers to startup_mk66f18.o(STACK) for __initial_sp
    startup_mk66f18.o(RESET) refers to startup_mk66f18.o(.text) for Reset_Handler
    startup_mk66f18.o(RESET) refers to system_mk66.o(i.NMI_Handler) for NMI_Handler
    startup_mk66f18.o(RESET) refers to isr.o(i.DMA0_IRQHandler) for DMA0_IRQHandler
    startup_mk66f18.o(RESET) refers to isr.o(i.UART1_RX_TX_IRQHandler) for UART1_RX_TX_IRQHandler
    startup_mk66f18.o(RESET) refers to uart2.o(i.UART2_RX_TX_IRQHandler) for UART2_RX_TX_IRQHandler
    startup_mk66f18.o(RESET) refers to isr.o(i.UART3_RX_TX_IRQHandler) for UART3_RX_TX_IRQHandler
    startup_mk66f18.o(RESET) refers to isr.o(i.PIT0_IRQHandler) for PIT0_IRQHandler
    startup_mk66f18.o(RESET) refers to isr.o(i.PORTA_IRQHandler) for PORTA_IRQHandler
    startup_mk66f18.o(RESET) refers to isr.o(i.PORTB_IRQHandler) for PORTB_IRQHandler
    startup_mk66f18.o(RESET) refers to isr.o(i.PORTC_IRQHandler) for PORTC_IRQHandler
    startup_mk66f18.o(.text) refers to system_mk66.o(i.Start) for Start
    startup_mk66f18.o(.text) refers to entry.o(.ARM.Collect$$$$00000000) for __main
    system_mk66.o(i.SYSTEM_CLK) refers to system_mk66.o(i.div_set) for div_set
    system_mk66.o(i.Start) refers to system_mk66.o(i.Disable_Wdog) for Disable_Wdog
    system_mk66.o(i.Start) refers to system_mk66.o(i.SYSTEM_CLK) for SYSTEM_CLK
    system_mk66.o(i.Start) refers to mk60_gpio.o(i.gpio_init) for gpio_init
    common.o(i.get_clk) refers to mk60_uart.o(i.uart_init) for uart_init
    common.o(i.get_clk) refers to common.o(.data) for mcgout_clk_mhz
    mk60_adc.o(i.adc_init) refers to mk60_port.o(i.port_init) for port_init
    mk60_adc.o(i.adc_once) refers to mk60_adc.o(i.adc_start) for adc_start
    mk60_adc.o(i.adc_once) refers to mk60_adc.o(.constdata) for ADCX
    mk60_adc.o(i.adc_start) refers to mk60_adc.o(.constdata) for ADCX
    mk60_adc.o(i.adc_stop) refers to mk60_adc.o(.constdata) for ADCX
    mk60_cmt.o(i.cmt_pwm_duty) refers to mk60_cmt.o(.data) for cmt_period
    mk60_cmt.o(i.cmt_pwm_freq) refers to common.o(.data) for bus_clk_mhz
    mk60_cmt.o(i.cmt_pwm_freq) refers to mk60_cmt.o(.data) for cmt_period
    mk60_cmt.o(i.cmt_pwm_init) refers to mk60_port.o(i.port_init) for port_init
    mk60_cmt.o(i.cmt_pwm_init) refers to common.o(.data) for bus_clk_mhz
    mk60_cmt.o(i.cmt_pwm_init) refers to mk60_cmt.o(.data) for cmt_period
    mk60_dac.o(i.dac_init) refers to mk60_dac.o(.constdata) for DACX
    mk60_dac.o(i.dac_out) refers to mk60_dac.o(.constdata) for DACX
    mk60_dma.o(i.dma_portx2buff_init) refers to mk60_port.o(i.port_init) for port_init
    mk60_dma.o(i.dma_portx2buff_init) refers to mk60_gpio.o(i.gpio_init) for gpio_init
    mk60_flash.o(i.FLASH_EraseSector) refers to mk60_flash.o(i.FlashCmdStart) for FlashCmdStart
    mk60_flash.o(i.FLASH_WriteSector) refers to mk60_flash.o(i.FlashCmdStart) for FlashCmdStart
    mk60_flash.o(i.FlashCmdStart) refers to mk60_flash.o(.data) for s_flash_command_run
    mk60_ftm.o(i.FTM_port_mux) refers to mk60_port.o(i.port_init) for port_init
    mk60_ftm.o(i.ftm_input_clean) refers to mk60_ftm.o(.constdata) for FTMX
    mk60_ftm.o(i.ftm_input_get) refers to mk60_ftm.o(.constdata) for FTMX
    mk60_ftm.o(i.ftm_input_init) refers to mk60_ftm.o(i.FTM_port_mux) for FTM_port_mux
    mk60_ftm.o(i.ftm_input_init) refers to mk60_ftm.o(.constdata) for FTMX
    mk60_ftm.o(i.ftm_input_init) refers to common.o(.data) for bus_clk_mhz
    mk60_ftm.o(i.ftm_pwm_duty) refers to mk60_ftm.o(.data) for period
    mk60_ftm.o(i.ftm_pwm_duty) refers to mk60_ftm.o(.constdata) for FTMX
    mk60_ftm.o(i.ftm_pwm_freq) refers to common.o(.data) for bus_clk_mhz
    mk60_ftm.o(i.ftm_pwm_freq) refers to mk60_ftm.o(.data) for period
    mk60_ftm.o(i.ftm_pwm_freq) refers to mk60_ftm.o(.constdata) for FTMX
    mk60_ftm.o(i.ftm_pwm_init) refers to mk60_ftm.o(i.FTM_port_mux) for FTM_port_mux
    mk60_ftm.o(i.ftm_pwm_init) refers to common.o(.data) for bus_clk_mhz
    mk60_ftm.o(i.ftm_pwm_init) refers to mk60_ftm.o(.data) for period
    mk60_ftm.o(i.ftm_pwm_init) refers to mk60_ftm.o(.constdata) for FTMX
    mk60_ftm.o(i.ftm_quad_clean) refers to mk60_ftm.o(.constdata) for FTMX
    mk60_ftm.o(i.ftm_quad_get) refers to mk60_ftm.o(.constdata) for FTMX
    mk60_ftm.o(i.ftm_quad_init) refers to mk60_port.o(i.port_init) for port_init
    mk60_ftm.o(i.ftm_quad_init) refers to mk60_ftm.o(.constdata) for FTMX
    mk60_gpio.o(i.gpio_ddr) refers to mk60_gpio.o(.constdata) for GPIOX
    mk60_gpio.o(i.gpio_get) refers to mk60_gpio.o(.constdata) for GPIOX
    mk60_gpio.o(i.gpio_init) refers to mk60_gpio.o(.constdata) for PORTX
    mk60_gpio.o(i.gpio_set) refers to mk60_gpio.o(.constdata) for GPIOX
    mk60_gpio.o(i.gpio_turn) refers to mk60_gpio.o(.constdata) for GPIOX
[...]
    i.__kernel_poly                          0x000089f8   Section        0  poly.o(i.__kernel_poly)
    i.__mathlib_dbl_infnan                   0x00008af0   Section        0  dunder.o(i.__mathlib_dbl_infnan)
    i.__mathlib_dbl_infnan2                  0x00008b04   Section        0  dunder.o(i.__mathlib_dbl_infnan2)
    i.__mathlib_dbl_underflow                0x00008b18   Section        0  dunder.o(i.__mathlib_dbl_underflow)
    i.__scatterload_copy                     0x00008b38   Section       14  handlers.o(i.__scatterload_copy)
    i.__scatterload_null                     0x00008b46   Section        2  handlers.o(i.__scatterload_null)
    i.__scatterload_zeroinit                 0x00008b48   Section       14  handlers.o(i.__scatterload_zeroinit)
    i.adc_init                               0x00008b58   Section        0  mk60_adc.o(i.adc_init)
    i.adc_once                               0x00008d08   Section        0  mk60_adc.o(i.adc_once)
    i.adc_start                              0x00008d54   Section        0  mk60_adc.o(i.adc_start)
    i.atan                                   0x00008d8c   Section        0  atan.o(i.atan)
    i.camera_init                            0x00008d9c   Section        0  seekfree_mt9v032.o(i.camera_init)
    i.div_set                                0x00008ec8   Section        0  system_mk66.o(i.div_set)
    i.dma_portx2buff_init                    0x00008f14   Section        0  mk60_dma.o(i.dma_portx2buff_init)
    i.dma_repeat                             0x000090b8   Section        0  seekfree_mt9v032.o(i.dma_repeat)
    dma_repeat                               0x000090b9   Thumb Code    70  seekfree_mt9v032.o(i.dma_repeat)
    i.fabs                                   0x00009108   Section        0  fabs.o(i.fabs)
    i.ftm_pwm_duty                           0x00009120   Section        0  mk60_ftm.o(i.ftm_pwm_duty)
    i.ftm_pwm_init                           0x000091a0   Section        0  mk60_ftm.o(i.ftm_pwm_init)
    i.ftm_quad_clean                         0x000092d4   Section        0  mk60_ftm.o(i.ftm_quad_clean)
    i.ftm_quad_get                           0x000092e4   Section        0  mk60_ftm.o(i.ftm_quad_get)
    i.ftm_quad_init                          0x000092f8   Section        0  mk60_ftm.o(i.ftm_quad_init)
    i.get_clk                                0x000093dc   Section        0  common.o(i.get_clk)
    i.get_config                             0x00009450   Section        0  seekfree_mt9v032.o(i.get_config)
    i.gpio_get                               0x000094bc   Section        0  mk60_gpio.o(i.gpio_get)
    i.gpio_init                              0x000094e8   Section        0  mk60_gpio.o(i.gpio_init)
    i.gpio_set                               0x000095bc   Section        0  mk60_gpio.o(i.gpio_set)
    i.gpio_turn                              0x00009604   Section        0  mk60_gpio.o(i.gpio_turn)
    i.icm20602_init_spi                      0x0000962c   Section        0  seekfree_icm20602.o(i.icm20602_init_spi)
    i.icm20602_self3_check                   0x000096a8   Section        0  seekfree_icm20602.o(i.icm20602_self3_check)
    i.icm_spi_r_reg_byte                     0x000096be   Section        0  seekfree_icm20602.o(i.icm_spi_r_reg_byte)
    i.icm_spi_r_reg_bytes                    0x000096e6   Section        0  seekfree_icm20602.o(i.icm_spi_r_reg_bytes)
    i.icm_spi_w_reg_byte                     0x00009710   Section        0  seekfree_icm20602.o(i.icm_spi_w_reg_byte)
    i.ips_clear                              0x00009736   Section        0  seekfree_ips.o(i.ips_clear)
    i.ips_displayimage032                    0x00009766   Section        0  seekfree_ips.o(i.ips_displayimage032)
    i.ips_init                               0x000097f4   Section        0  seekfree_ips.o(i.ips_init)
    i.ips_set_region                         0x000099b8   Section        0  seekfree_ips.o(i.ips_set_region)
    i.ips_writeData                          0x00009a02   Section        0  seekfree_ips.o(i.ips_writeData)
    i.ips_writeIndex                         0x00009a20   Section        0  seekfree_ips.o(i.ips_writeIndex)
    i.ips_writedata_16bit                    0x00009a3e   Section        0  seekfree_ips.o(i.ips_writedata_16bit)
    i.main                                   0x00009a74   Section        0  main.o(i.main)
    i.mt9v032_cof_uart_interrupt             0x00009b28   Section        0  seekfree_mt9v032.o(i.mt9v032_cof_uart_interrupt)
    i.oled_pow                               0x00009b78   Section        0  oled.o(i.oled_pow)
    i.pit_init                               0x00009b90   Section        0  mk60_pit.o(i.pit_init)
    i.port_init                              0x00009bec   Section        0  mk60_port.o(i.port_init)
    i.port_init_NoAlt                        0x00009c60   Section        0  mk60_port.o(i.port_init_NoAlt)
    i.range_protect                          0x00009cb4   Section        0  motor.o(i.range_protect)
    i.range_protectfloat                     0x00009cca   Section        0  motor.o(i.range_protectfloat)
    i.row_finished                           0x00009cf4   Section        0  seekfree_mt9v032.o(i.row_finished)
    i.seekfree_sendimg_032                   0x00009d44   Section        0  seekfree_mt9v032.o(i.seekfree_sendimg_032)
    i.spi_init                               0x00009d78   Section        0  mk60_spi.o(i.spi_init)
    i.spi_mosi                               0x0000a0a4   Section        0  mk60_spi.o(i.spi_mosi)
    i.spi_mosi_cmd                           0x0000a1ac   Section        0  mk60_spi.o(i.spi_mosi_cmd)
    i.systick_delay                          0x0000a398   Section        0  mk60_systick.o(i.systick_delay)
    i.systick_delay_ms                       0x0000a3c4   Section        0  mk60_systick.o(i.systick_delay_ms)
    i.uart_getchar                           0x0000a3e8   Section        0  mk60_uart.o(i.uart_getchar)
    i.uart_init                              0x0000a40c   Section        0  mk60_uart.o(i.uart_init)
    i.uart_putbuff                           0x0000a5e4   Section        0  mk60_uart.o(i.uart_putbuff)
    i.uart_putchar                           0x0000a604   Section        0  mk60_uart.o(i.uart_putchar)
    i.uart_rx_irq_en                         0x0000a624   Section        0  mk60_uart.o(i.uart_rx_irq_en)
    i.yuzhiget                               0x0000a65c   Section        0  imageprocessing.o(i.yuzhiget)
    .constdata                               0x0000a780   Section        8  mk60_adc.o(.constdata)
    .constdata                               0x0000a788   Section       16  mk60_ftm.o(.constdata)
    FTMX                                     0x0000a788   Data          16  mk60_ftm.o(.constdata)
    .constdata                               0x0000a798   Section       40  mk60_gpio.o(.constdata)
    PORTX                                    0x0000a798   Data          20  mk60_gpio.o(.constdata)
    GPIOX                                    0x0000a7ac   Data          20  mk60_gpio.o(.constdata)
    .constdata                               0x0000a7c0   Section       40  mk60_port.o(.constdata)
    PORTX                                    0x0000a7c0   Data          20  mk60_port.o(.constdata)
    GPIOX                                    0x0000a7d4   Data          20  mk60_port.o(.constdata)
    .constdata                               0x0000a7e8   Section       64  mk60_spi.o(.constdata)
    .constdata                               0x0000a828   Section     2072  seekfree_oled.o(.constdata)
    .constdata                               0x0000b040   Section      152  atan.o(.constdata)
    atanhi                                   0x0000b040   Data          32  atan.o(.constdata)
    atanlo                                   0x0000b060   Data          32  atan.o(.constdata)
    aTodd                                    0x0000b080   Data          40  atan.o(.constdata)
    aTeven                                   0x0000b0a8   Data          48  atan.o(.constdata)
    .constdata                               0x0000b0d8   Section        8  qnan.o(.constdata)
    .data                                    0x20000000   Section       12  common.o(.data)
    .data                                    0x2000000c   Section        6  mk60_ftm.o(.data)
    .data                                    0x20000014   Section       12  mk60_spi.o(.data)
    .data                                    0x20000020   Section       20  mk60_uart.o(.data)
    .data                                    0x20000034   Section      115  isr.o(.data)
    .data                                    0x200000a8   Section      128  control.o(.data)
    .data                                    0x20000128   Section      168  electromagnetism.o(.data)
    .data                                    0x200001d0   Section       31  imageprocessing.o(.data)
    .data                                    0x200001f0   Section      112  imu.o(.data)
    .data                                    0x20000260   Section        3  system.o(.data)
    .data                                    0x20000264   Section      300  pid.o(.data)
    .data                                    0x20000390   Section       76  motor.o(.data)
    Speed_Last                               0x200003d4   Data           4  motor.o(.data)
    Crazy_Count                              0x200003d8   Data           4  motor.o(.data)
    .data                                    0x200003dc   Section        2  transformers.o(.data)
    .data                                    0x200003de   Section       77  seekfree_mt9v032.o(.data)
    .bss                                     0x2000042c   Section       30  isr.o(.bss)
    .bss                                     0x2000044c   Section      108  control.o(.bss)
    .bss                                     0x200004b8   Section      100  electromagnetism.o(.bss)
    .bss                                     0x2000051c   Section     6732  imageprocessing.o(.bss)
    .bss                                     0x20001f68   Section       76  imu.o(.bss)
    .bss                                     0x20001fb4   Section      144  pid.o(.bss)
    .bss                                     0x20002044   Section    45120  seekfree_mt9v032.o(.bss)
    STACK                                    0x2000d088   Section     1024  startup_mk66f18.o(STACK)

    Global Symbols

    Symbol Name                              Value     Ov Type        Size  Object(Section)

    BuildAttributes$$THM_ISAv4$E$P$D$K$B$S$7EM$VFPi3$EXTD16$VFPS$VFMA$PE$A:L22UL41UL21$X:L11$S22US41US21$IEEE1$IW$USESV6$~STKCKD$USESV7$~SHL$OTIME$ROPI$IEEEX$EBA8$MICROLIB$REQ8$PRES8$EABIv2 0x00000000   Number         0  anon$$obj.o ABSOLUTE
    __ARM_use_no_argv                        0x00000000   Number         0  main.o ABSOLUTE
    __Vectors                                0x00000000   Data           4  startup_mk66f18.o(RESET)
    __cpp_initialize__aeabi_                  - Undefined Weak Reference
    __cxa_finalize                            - Undefined Weak Reference
    _clock_init                               - Undefined Weak Reference
    _microlib_exit                            - Undefined Weak Reference
    __Vectors_End                            0x00000400   Data           0  startup_mk66f18.o(RESET)
    __Vectors_Size                           0x00000400   Number         0  startup_mk66f18.o ABSOLUTE
    __main                                   0x00000411   Thumb Code     0  entry.o(.ARM.Collect$$$$00000000)
    _main_stk                                0x00000411   Thumb Code     0  entry2.o(.ARM.Collect$$$$00000001)
    _main_scatterload                        0x00000415   Thumb Code     0  entry5.o(.ARM.Collect$$$$00000004)
    __main_after_scatterload                 0x00000419   Thumb Code     0  entry5.o(.ARM.Collect$$$$00000004)
    _main_clock                              0x00000419   Thumb Code     0  entry7b.o(.ARM.Collect$$$$00000008)
    _main_cpp_init                           0x00000419   Thumb Code     0  entry8b.o(.ARM.Collect$$$$0000000A)
    _main_init                               0x00000419   Thumb Code     0  entry9a.o(.ARM.Collect$$$$0000000B)
    __rt_final_cpp                           0x00000421   Thumb Code     0  entry10a.o(.ARM.Collect$$$$0000000D)
    __rt_final_exit                          0x00000421   Thumb Code     0  entry11a.o(.ARM.Collect$$$$0000000F)
    Reset_Handler                            0x00000425   Thumb Code    12  startup_mk66f18.o(.text)
    HardFault_Handler                        0x00000433   Thumb Code     2  startup_mk66f18.o(.text)
    MemManage_Handler                        0x00000435   Thumb Code     2  startup_mk66f18.o(.text)
    BusFault_Handler                         0x00000437   Thumb Code     2  startup_mk66f18.o(.text)
    UsageFault_Handler                       0x00000439   Thumb Code     2  startup_mk66f18.o(.text)
    SVC_Handler                              0x0000043b   Thumb Code     2  startup_mk66f18.o(.text)
    DebugMon_Handler                         0x0000043d   Thumb Code     2  startup_mk66f18.o(.text)
    PendSV_Handler                           0x0000043f   Thumb Code     2  startup_mk66f18.o(.text)
    SysTick_Handler                          0x00000441   Thumb Code     2  startup_mk66f18.o(.text)
    ADC0_IRQHandler                          0x00000443   Thumb Code     0  startup_mk66f18.o(.text)
    ADC1_IRQHandler                          0x00000443   Thumb Code     0  startup_mk66f18.o(.text)
    CAN0_Bus_Off_IRQHandler                  0x00000443   Thumb Code     0  startup_mk66f18.o(.text)
    CAN0_Error_IRQHandler                    0x00000443   Thumb Code     0  startup_mk66f18.o(.text)
    CAN0_ORed_Message_buffer_IRQHandler      0x00000443   Thumb Code     0  startup_mk66f18.o(.text)
    CAN0_Rx_Warning_IRQHandler               0x00000443   Thumb Code     0  startup_mk66f18.o(.text)
    CAN0_Tx_Warning_IRQHandler               0x00000443   Thumb Code     0  startup_mk66f18.o(.text)
    CAN0_Wake_Up_IRQHandler                  0x00000443   Thumb Code     0  startup_mk66f18.o(.text)
    CAN1_Bus_Off_IRQHandler                  0x00000443   Thumb Code     0  startup_mk66f18.o(.text)
    CAN1_Error_IRQHandler                    0x00000443   Thumb Code     0  startup_mk66f18.o(.text)
    CAN1_ORed_Message_buffer_IRQHandler      0x00000443   Thumb Code     0  startup_mk66f18.o(.text)
    CAN1_Rx_Warning_IRQHandler               0x00000443   Thumb Code     0  startup_mk66f18.o(.text)
    CAN1_Tx_Warning_IRQHandler               0x00000443   Thumb Code     0  startup_mk66f18.o(.text)
    CAN1_Wake_Up_IRQHandler                  0x00000443   Thumb Code     0  startup_mk66f18.o(.text)
    CMP0_IRQHandler                          0x00000443   Thumb Code     0  startup_mk66f18.o(.text)
    CMP1_IRQHandler                          0x00000443   Thumb Code     0  startup_mk66f18.o(.text)
    CMP2_IRQHandler                          0x00000443   Thumb Code     0  startup_mk66f18.o(.text)
    CMP3_IRQHandler                          0x00000443   Thumb Code     0  startup_mk66f18.o(.text)
    CMT_IRQHandler                           0x00000443   Thumb Code     0  startup_mk66f18.o(.text)
    DAC0_IRQHandler                          0x00000443   Thumb Code     0  startup_mk66f18.o(.text)
    DAC1_IRQHandler                          0x00000443   Thumb Code     0  startup_mk66f18.o(.text)
    DMA10_IRQHandler                         0x00000443   Thumb Code     0  startup_mk66f18.o(.text)
    DMA11_IRQHandler                         0x00000443   Thumb Code     0  startup_mk66f18.o(.text)
    DMA12_IRQHandler                         0x00000443   Thumb Code     0  startup_mk66f18.o(.text)
    DMA13_IRQHandler                         0x00000443   Thumb Code     0  startup_mk66f18.o(.text)
    DMA14_IRQHandler                         0x00000443   Thumb Code     0  startup_mk66f18.o(.text)
    DMA15_IRQHandler                         0x00000443   Thumb Code     0  startup_mk66f18.o(.text)
    DMA1_IRQHandler                          0x00000443   Thumb Code     0  startup_mk66f18.o(.text)
    DMA2_IRQHandler                          0x00000443   Thumb Code     0  startup_mk66f18.o(.text)
    DMA3_IRQHandler                          0x00000443   Thumb Code     0  startup_mk66f18.o(.text)
    DMA4_IRQHandler                          0x00000443   Thumb Code     0  startup_mk66f18.o(.text)
    DMA5_IRQHandler                          0x00000443   Thumb Code     0  startup_mk66f18.o(.text)
    DMA6_IRQHandler                          0x00000443   Thumb Code     0  startup_mk66f18.o(.text)
    DMA7_IRQHandler                          0x00000443   Thumb Code     0  startup_mk66f18.o(.text)
    DMA8_IRQHandler                          0x00000443   Thumb Code     0  startup_mk66f18.o(.text)
    DMA9_IRQHandler                          0x00000443   Thumb Code     0  startup_mk66f18.o(.text)
    DMA_Error_IRQHandler                     0x00000443   Thumb Code     0  startup_mk66f18.o(.text)
    DefaultISR                               0x00000443   Thumb Code     0  startup_mk66f18.o(.text)
    ENET_1588_Timer_IRQHandler               0x00000443   Thumb Code     0  startup_mk66f18.o(.text)
    ENET_Error_IRQHandler                    0x00000443   Thumb Code     0  startup_mk66f18.o(.text)
    ENET_Receive_IRQHandler                  0x00000443   Thumb Code     0  startup_mk66f18.o(.text)
    ENET_Transmit_IRQHandler                 0x00000443   Thumb Code     0  startup_mk66f18.o(.text)
    FTFE_IRQHandler                          0x00000443   Thumb Code     0  startup_mk66f18.o(.text)
    FTM0_IRQHandler                          0x00000443   Thumb Code     0  startup_mk66f18.o(.text)
    FTM1_IRQHandler                          0x00000443   Thumb Code     0  startup_mk66f18.o(.text)
    FTM2_IRQHandler                          0x00000443   Thumb Code     0  startup_mk66f18.o(.text)
    FTM3_IRQHandler                          0x00000443   Thumb Code     0  startup_mk66f18.o(.text)
    I2C0_IRQHandler                          0x00000443   Thumb Code     0  startup_mk66f18.o(.text)
    I2C1_IRQHandler                          0x00000443   Thumb Code     0  startup_mk66f18.o(.text)
    I2C2_IRQHandler                          0x00000443   Thumb Code     0  startup_mk66f18.o(.text)
    I2C3_IRQHandler                          0x00000443   Thumb Code     0  startup_mk66f18.o(.text)
    I2S0_Rx_IRQHandler                       0x00000443   Thumb Code     0  startup_mk66f18.o(.text)
    I2S0_Tx_IRQHandler                       0x00000443   Thumb Code     0  startup_mk66f18.o(.text)
    LLWU_IRQHandler                          0x00000443   Thumb Code     0  startup_mk66f18.o(.text)
    LPTMR0_IRQHandler                        0x00000443   Thumb Code     0  startup_mk66f18.o(.text)
    LPUART0_IRQHandler                       0x00000443   Thumb Code     0  startup_mk66f18.o(.text)
    LVD_LVW_IRQHandler                       0x00000443   Thumb Code     0  startup_mk66f18.o(.text)
    MCG_IRQHandler                           0x00000443   Thumb Code     0  startup_mk66f18.o(.text)
    MCM_IRQHandler                           0x00000443   Thumb Code     0  startup_mk66f18.o(.text)
    PDB0_IRQHandler                          0x00000443   Thumb Code     0  startup_mk66f18.o(.text)
    PIT1_IRQHandler                          0x00000443   Thumb Code     0  startup_mk66f18.o(.text)
    PIT2_IRQHandler                          0x00000443   Thumb Code     0  startup_mk66f18.o(.text)
    PIT3_IRQHandler                          0x00000443   Thumb Code     0  startup_mk66f18.o(.text)
    PORTD_IRQHandler                         0x00000443   Thumb Code     0  startup_mk66f18.o(.text)
    PORTE_IRQHandler                         0x00000443   Thumb Code     0  startup_mk66f18.o(.text)
    RNG_IRQHandler                           0x00000443   Thumb Code     0  startup_mk66f18.o(.text)
    RTC_IRQHandler                           0x00000443   Thumb Code     0  startup_mk66f18.o(.text)
    RTC_Seconds_IRQHandler                   0x00000443   Thumb Code     0  startup_mk66f18.o(.text)
    Read_Collision_IRQHandler                0x00000443   Thumb Code     0  startup_mk66f18.o(.text)
    Reserved46_IRQHandler                    0x00000443   Thumb Code     0  startup_mk66f18.o(.text)
    Reserved71_IRQHandler                    0x00000443   Thumb Code     0  startup_mk66f18.o(.text)
    Reserved84_IRQHandler                    0x00000443   Thumb Code     0  startup_mk66f18.o(.text)
    Reserved85_IRQHandler                    0x00000443   Thumb Code     0  startup_mk66f18.o(.text)
    SDHC_IRQHandler                          0x00000443   Thumb Code     0  startup_mk66f18.o(.text)
    SPI0_IRQHandler                          0x00000443   Thumb Code     0  startup_mk66f18.o(.text)
    SPI1_IRQHandler                          0x00000443   Thumb Code     0  startup_mk66f18.o(.text)
    SPI2_IRQHandler                          0x00000443   Thumb Code     0  startup_mk66f18.o(.text)
    SWI_IRQHandler                           0x00000443   Thumb Code     0  startup_mk66f18.o(.text)
    TPM1_IRQHandler                          0x00000443   Thumb Code     0  startup_mk66f18.o(.text)
    TPM2_IRQHandler                          0x00000443   Thumb Code     0  startup_mk66f18.o(.text)
    TSI0_IRQHandler                          0x00000443   Thumb Code     0  startup_mk66f18.o(.text)
    UART0_ERR_IRQHandler                     0x00000443   Thumb Code     0  startup_mk66f18.o(.text)
    UART0_RX_TX_IRQHandler                   0x00000443   Thumb Code     0  startup_mk66f18.o(.text)
    UART1_ERR_IRQHandler                     0x00000443   Thumb Code     0  startup_mk66f18.o(.text)
    UART2_ERR_IRQHandler                     0x00000443   Thumb Code     0  startup_mk66f18.o(.text)
    UART3_ERR_IRQHandler                     0x00000443   Thumb Code     0  startup_mk66f18.o(.text)
    UART4_ERR_IRQHandler                     0x00000443   Thumb Code     0  startup_mk66f18.o(.text)
    UART4_RX_TX_IRQHandler                   0x00000443   Thumb Code     0  startup_mk66f18.o(.text)
    USB0_IRQHandler                          0x00000443   Thumb Code     0  startup_mk66f18.o(.text)
    USBDCD_IRQHandler                        0x00000443   Thumb Code     0  startup_mk66f18.o(.text)
    USBHSDCD_IRQHandler                      0x00000443   Thumb Code     0  startup_mk66f18.o(.text)
    USBHS_IRQHandler                         0x00000443   Thumb Code     0  startup_mk66f18.o(.text)
    WDOG_EWM_IRQHandler                      0x00000443   Thumb Code     0  startup_mk66f18.o(.text)
    __aeabi_ldivmod                          0x0000044d   Thumb Code    98  ldiv.o(.text)
    __aeabi_memcpy                           0x000004af   Thumb Code    36  memcpya.o(.text)
    __aeabi_memcpy4                          0x000004af   Thumb Code     0  memcpya.o(.text)
    __aeabi_memcpy8                          0x000004af   Thumb Code     0  memcpya.o(.text)
    __aeabi_memset                           0x000004d3   Thumb Code    14  memseta.o(.text)
    __aeabi_memset4                          0x000004d3   Thumb Code     0  memseta.o(.text)
    __aeabi_memset8                          0x000004d3   Thumb Code     0  memseta.o(.text)
    __aeabi_memclr                           0x000004e1   Thumb Code     4  memseta.o(.text)
    __aeabi_memclr4                          0x000004e1   Thumb Code     0  memseta.o(.text)
    __aeabi_memclr8                          0x000004e1   Thumb Code     0  memseta.o(.text)
    _memset$wrapper                          0x000004e5   Thumb Code    18  memseta.o(.text)
    __aeabi_dadd                             0x000004f7   Thumb Code   322  dadd.o(.text)
    __aeabi_dsub                             0x00000639   Thumb Code     6  dadd.o(.text)
    __aeabi_drsub                            0x0000063f   Thumb Code     6  dadd.o(.text)
    __aeabi_dmul                             0x00000645   Thumb Code   228  dmul.o(.text)
    __aeabi_ddiv                             0x00000729   Thumb Code   222  ddiv.o(.text)
    __aeabi_l2f                              0x00000807   Thumb Code    44  ffltl.o(.text)
    __aeabi_i2d                              0x00000833   Thumb Code    34  dflti.o(.text)
    __aeabi_d2iz                             0x00000855   Thumb Code    62  dfixi.o(.text)
    __aeabi_f2d                              0x00000893   Thumb Code    38  f2d.o(.text)
    __aeabi_cdcmpeq                          0x000008b9   Thumb Code     0  cdcmple.o(.text)
    __aeabi_cdcmple                          0x000008b9   Thumb Code    48  cdcmple.o(.text)
    __aeabi_d2f                              0x000008e9   Thumb Code    56  d2f.o(.text)
    __aeabi_uldivmod                         0x00000921   Thumb Code    98  uldiv.o(.text)
    __aeabi_llsl                             0x00000983   Thumb Code    30  llshl.o(.text)
    _ll_shift_l                              0x00000983   Thumb Code     0  llshl.o(.text)
    __aeabi_llsr                             0x000009a1   Thumb Code    32  llushr.o(.text)
    _ll_ushift_r                             0x000009a1   Thumb Code     0  llushr.o(.text)
    __aeabi_lasr                             0x000009c1   Thumb Code    36  llsshr.o(.text)
    _ll_sshift_r                             0x000009c1   Thumb Code     0  llsshr.o(.text)
    __I$use$fp                               0x000009e5   Thumb Code     0  iusefp.o(.text)
    _float_round                             0x000009e5   Thumb Code    18  fepilogue.o(.text)
    _float_epilogue                          0x000009f7   Thumb Code    92  fepilogue.o(.text)
    _double_round                            0x00000a53   Thumb Code    30  depilogue.o(.text)
    _double_epilogue                         0x00000a71   Thumb Code   156  depilogue.o(.text)
    __scatterload                            0x00000b0d   Thumb Code    28  init.o(.text)
    __scatterload_rt2                        0x00000b0d   Thumb Code     0  init.o(.text)
    __decompress                             0x00000b31   Thumb Code     0  __dczerorl2.o(.text)
    __decompress1                            0x00000b31   Thumb Code    86  __dczerorl2.o(.text)
    Balance_Control                          0x00000b89   Thumb Code   730  control.o(i.Balance_Control)
    Balance_Control_2                        0x00000ef9   Thumb Code   662  control.o(i.Balance_Control_2)
    Balance_Control_3                        0x00001231   Thumb Code   662  control.o(i.Balance_Control_3)
    Balance_Control_4                        0x00001565   Thumb Code   662  control.o(i.Balance_Control_4)
    Balance_Control_DC                       0x00001899   Thumb Code   732  control.o(i.Balance_Control_DC)
    Balance_Sensor_Calculate                 0x00001c01   Thumb Code   192  imu.o(i.Balance_Sensor_Calculate)
    Balance_Sensor_Init                      0x00001cd1   Thumb Code    36  imu.o(i.Balance_Sensor_Init)
    Control_Model_0                          0x00001d05   Thumb Code    56  transformers.o(i.Control_Model_0)
    Control_Model_1                          0x00001d41   Thumb Code    56  transformers.o(i.Control_Model_1)
    Control_Model_4                          0x00001d7d   Thumb Code    56  transformers.o(i.Control_Model_4)
    Control_Model_5                          0x00001db9   Thumb Code    56  transformers.o(i.Control_Model_5)
    Control_Model_6                          0x00001df5   Thumb Code   444  transformers.o(i.Control_Model_6)
    Control_Model_7                          0x00001fe1   Thumb Code   470  transformers.o(i.Control_Model_7)
    DMA0_IRQHandler                          0x000021e9   Thumb Code    20  isr.o(i.DMA0_IRQHandler)
    Data_Filter                              0x00002201   Thumb Code   464  imu.o(i.Data_Filter)
    Data_Filter2                             0x00002409   Thumb Code   420  imu.o(i.Data_Filter2)
    Disable_Wdog                             0x000025d9   Thumb Code    22  system_mk66.o(i.Disable_Wdog)
    Erect_Obstacle                           0x000025f5   Thumb Code   738  transformers.o(i.Erect_Obstacle)
    Erect_PT                                 0x0000292d   Thumb Code   158  transformers.o(i.Erect_PT)
    Erect_Round                              0x000029d9   Thumb Code   142  transformers.o(i.Erect_Round)
    FTM_port_mux                             0x00002aad   Thumb Code   398  mk60_ftm.o(i.FTM_port_mux)
    Get_Attitude                             0x00002c41   Thumb Code   210  imu.o(i.Get_Attitude)
    Image_Get                                0x00002d3d   Thumb Code    64  imageprocessing.o(i.Image_Get)
    Image_HandleSL                           0x00002d85   Thumb Code   104  imageprocessing.o(i.Image_HandleSL)
    Image_HandleZL                           0x00002e0d   Thumb Code   104  imageprocessing.o(i.Image_HandleZL)
    Inductance_filter                        0x00002e95   Thumb Code  2812  electromagnetism.o(i.Inductance_filter)
    Inductance_filter2                       0x000039c5   Thumb Code  2878  electromagnetism.o(i.Inductance_filter2)
    Inductance_get                           0x00004539   Thumb Code   246  electromagnetism.o(i.Inductance_get)
    Inductance_init                          0x00004635   Thumb Code   104  electromagnetism.o(i.Inductance_init)
    Jian_Yi_7H_SL                            0x000046b9   Thumb Code   966  imageprocessing.o(i.Jian_Yi_7H_SL)
    Jian_Yi_7H_ZL                            0x00004ab5   Thumb Code   966  imageprocessing.o(i.Jian_Yi_7H_ZL)
    Kalman_Filter                            0x00004eb1   Thumb Code   558  imu.o(i.Kalman_Filter)
    MOTOR_Control                            0x00005125   Thumb Code   156  motor.o(i.MOTOR_Control)
    MotorInit                                0x000051c1   Thumb Code    60  motor.o(i.MotorInit)
    NMI_Handler                              0x000051fd   Thumb Code     2  system_mk66.o(i.NMI_Handler)
    OLEDIIC_Start                            0x0000527d   Thumb Code    36  oled.o(i.OLEDIIC_Start)
    OLEDIIC_Stop                             0x000052a1   Thumb Code    28  oled.o(i.OLEDIIC_Stop)
    OLEDIIC_Wait_Ack                         0x000052bd   Thumb Code    20  oled.o(i.OLEDIIC_Wait_Ack)
    OLEDWrite_IIC_Byte                       0x000052d1   Thumb Code    80  oled.o(i.OLEDWrite_IIC_Byte)
    OLEDWrite_IIC_Command                    0x00005321   Thumb Code    44  oled.o(i.OLEDWrite_IIC_Command)
    OLEDWrite_IIC_Data                       0x0000534d   Thumb Code    44  oled.o(i.OLEDWrite_IIC_Data)
    OLED_Clear                               0x00005379   Thumb Code    62  oled.o(i.OLED_Clear)
    OLED_Init                                0x000053b7   Thumb Code   246  oled.o(i.OLED_Init)
    OLED_Set_Pos                             0x000054ad   Thumb Code    40  oled.o(i.OLED_Set_Pos)
    OLED_ShowChar                            0x000054d5   Thumb Code   154  oled.o(i.OLED_ShowChar)
    OLED_ShowNum                             0x00005579   Thumb Code   122  oled.o(i.OLED_ShowNum)
    OLED_ShowString                          0x000055f3   Thumb Code    58  oled.o(i.OLED_ShowString)
    OLED_WR_Byte                             0x0000562d   Thumb Code    24  oled.o(i.OLED_WR_Byte)
    PD_init                                  0x00005645   Thumb Code    94  system.o(i.PD_init)
    PID_Increase                             0x000056dd   Thumb Code    94  pid.o(i.PID_Increase)
    PID_Parameter_Init                       0x0000573d   Thumb Code    18  pid.o(i.PID_Parameter_Init)
    PID_Realize                              0x00005755   Thumb Code   156  pid.o(i.PID_Realize)
    PID_Realize_D                            0x000057f1   Thumb Code   190  pid.o(i.PID_Realize_D)
    PIT0_IRQHandler                          0x000058bd   Thumb Code   430  isr.o(i.PIT0_IRQHandler)
    PORTA_IRQHandler                         0x00005ab1   Thumb Code   366  isr.o(i.PORTA_IRQHandler)
    PORTB_IRQHandler                         0x00005c29   Thumb Code    10  isr.o(i.PORTB_IRQHandler)
    PORTC_IRQHandler                         0x00005c39   Thumb Code    14  isr.o(i.PORTC_IRQHandler)
    PT_init                                  0x00005c4d   Thumb Code    92  system.o(i.PT_init)
    PlacePID_Control                         0x00005cdd   Thumb Code   474  pid.o(i.PlacePID_Control)
    Round_Control                            0x00005edd   Thumb Code   822  control.o(i.Round_Control)
    Round_Control_2                          0x00006299   Thumb Code   620  control.o(i.Round_Control_2)
    Round_Control_3                          0x0000659d   Thumb Code   620  control.o(i.Round_Control_3)
    Round_Control_4                          0x0000689d   Thumb Code   620  control.o(i.Round_Control_4)
    Round_Erect                              0x00006b9d   Thumb Code   258  transformers.o(i.Round_Erect)
    Round_Obstacle                           0x00006cf9   Thumb Code   628  transformers.o(i.Round_Obstacle)
    Round_PT                                 0x00006fb1   Thumb Code   146  transformers.o(i.Round_PT)
    SYSTEM_CLK                               0x00007051   Thumb Code   170  system_mk66.o(i.SYSTEM_CLK)
    Sensor_Offset                            0x00007109   Thumb Code   222  imu.o(i.Sensor_Offset)
    Speed_Measure                            0x000071fd   Thumb Code  1286  motor.o(i.Speed_Measure)
    Start                                    0x00007729   Thumb Code    34  system_mk66.o(i.Start)
    System_Init                              0x00007751   Thumb Code   704  system.o(i.System_Init)
    System_Mode_Judgement                    0x00007b09   Thumb Code   738  system.o(i.System_Mode_Judgement)
    UART1_RX_TX_IRQHandler                   0x00007df5   Thumb Code    10  isr.o(i.UART1_RX_TX_IRQHandler)
    UART2_RX_TX_IRQHandler                   0x00007e05   Thumb Code  1146  uart2.o(i.UART2_RX_TX_IRQHandler)
    UART3_RX_TX_IRQHandler                   0x00008299   Thumb Code    22  isr.o(i.UART3_RX_TX_IRQHandler)
    VSYNC                                    0x000082b5   Thumb Code    20  seekfree_mt9v032.o(i.VSYNC)
    Vertical_Change_Three_Wheels             0x000082d5   Thumb Code   448  control.o(i.Vertical_Change_Three_Wheels)
    __ARM_fpclassify                         0x00008501   Thumb Code    48  fpclassify.o(i.__ARM_fpclassify)
    __hardfp_atan                            0x00008531   Thumb Code   622  atan.o(i.__hardfp_atan)
    __hardfp_atan2                           0x00008809   Thumb Code   432  atan2.o(i.__hardfp_atan2)
    __kernel_poly                            0x000089f9   Thumb Code   248  poly.o(i.__kernel_poly)
    __mathlib_dbl_infnan                     0x00008af1   Thumb Code    20  dunder.o(i.__mathlib_dbl_infnan)
    __mathlib_dbl_infnan2                    0x00008b05   Thumb Code    20  dunder.o(i.__mathlib_dbl_infnan2)
    __mathlib_dbl_underflow                  0x00008b19   Thumb Code    24  dunder.o(i.__mathlib_dbl_underflow)
    __scatterload_copy                       0x00008b39   Thumb Code    14  handlers.o(i.__scatterload_copy)
    __scatterload_null                       0x00008b47   Thumb Code     2  handlers.o(i.__scatterload_null)
    __scatterload_zeroinit                   0x00008b49   Thumb Code    14  handlers.o(i.__scatterload_zeroinit)
    adc_init                                 0x00008b59   Thumb Code   426  mk60_adc.o(i.adc_init)
    adc_once                                 0x00008d09   Thumb Code    70  mk60_adc.o(i.adc_once)
    adc_start                                0x00008d55   Thumb Code    52  mk60_adc.o(i.adc_start)
    atan                                     0x00008d8d   Thumb Code    16  atan.o(i.atan)
    camera_init                              0x00008d9d   Thumb Code   264  seekfree_mt9v032.o(i.camera_init)
    div_set                                  0x00008ec9   Thumb Code    68  system_mk66.o(i.div_set)
    dma_portx2buff_init                      0x00008f15   Thumb Code   398  mk60_dma.o(i.dma_portx2buff_init)
    fabs                                     0x00009109   Thumb Code    24  fabs.o(i.fabs)
    ftm_pwm_duty                             0x00009121   Thumb Code   120  mk60_ftm.o(i.ftm_pwm_duty)
    ftm_pwm_init                             0x000091a1   Thumb Code   296  mk60_ftm.o(i.ftm_pwm_init)
    ftm_quad_clean                           0x000092d5   Thumb Code    12  mk60_ftm.o(i.ftm_quad_clean)
    ftm_quad_get                             0x000092e5   Thumb Code    14  mk60_ftm.o(i.ftm_quad_get)
    ftm_quad_init                            0x000092f9   Thumb Code   218  mk60_ftm.o(i.ftm_quad_init)
    get_clk                                  0x000093dd   Thumb Code    94  common.o(i.get_clk)
    get_config                               0x00009451   Thumb Code    96  seekfree_mt9v032.o(i.get_config)
    gpio_get                                 0x000094bd   Thumb Code    38  mk60_gpio.o(i.gpio_get)
    gpio_init                                0x000094e9   Thumb Code   200  mk60_gpio.o(i.gpio_init)
    gpio_set                                 0x000095bd   Thumb Code    66  mk60_gpio.o(i.gpio_set)
    gpio_turn                                0x00009605   Thumb Code    34  mk60_gpio.o(i.gpio_turn)
    icm20602_init_spi                        0x0000962d   Thumb Code   118  seekfree_icm20602.o(i.icm20602_init_spi)
    icm20602_self3_check                     0x000096a9   Thumb Code    22  seekfree_icm20602.o(i.icm20602_self3_check)
    icm_spi_r_reg_byte                       0x000096bf   Thumb Code    40  seekfree_icm20602.o(i.icm_spi_r_reg_byte)
    icm_spi_r_reg_bytes                      0x000096e7   Thumb Code    42  seekfree_icm20602.o(i.icm_spi_r_reg_bytes)
    icm_spi_w_reg_byte                       0x00009711   Thumb Code    38  seekfree_icm20602.o(i.icm_spi_w_reg_byte)
    ips_clear                                0x00009737   Thumb Code    48  seekfree_ips.o(i.ips_clear)
    ips_displayimage032                      0x00009767   Thumb Code   140  seekfree_ips.o(i.ips_displayimage032)
    ips_init                                 0x000097f5   Thumb Code   448  seekfree_ips.o(i.ips_init)
    ips_set_region                           0x000099b9   Thumb Code    74  seekfree_ips.o(i.ips_set_region)
    ips_writeData                            0x00009a03   Thumb Code    30  seekfree_ips.o(i.ips_writeData)
    ips_writeIndex                           0x00009a21   Thumb Code    30  seekfree_ips.o(i.ips_writeIndex)
    ips_writedata_16bit                      0x00009a3f   Thumb Code    54  seekfree_ips.o(i.ips_writedata_16bit)
    main                                     0x00009a75   Thumb Code   150  main.o(i.main)
    mt9v032_cof_uart_interrupt               0x00009b29   Thumb Code    68  seekfree_mt9v032.o(i.mt9v032_cof_uart_interrupt)
    oled_pow                                 0x00009b79   Thumb Code    22  oled.o(i.oled_pow)
    pit_init                                 0x00009b91   Thumb Code    78  mk60_pit.o(i.pit_init)
    port_init                                0x00009bed   Thumb Code   102  mk60_port.o(i.port_init)
    port_init_NoAlt                          0x00009c61   Thumb Code    76  mk60_port.o(i.port_init_NoAlt)
    range_protect                            0x00009cb5   Thumb Code    22  motor.o(i.range_protect)
    range_protectfloat                       0x00009ccb   Thumb Code    42  motor.o(i.range_protectfloat)
    row_finished                             0x00009cf5   Thumb Code    64  seekfree_mt9v032.o(i.row_finished)
    seekfree_sendimg_032                     0x00009d45   Thumb Code    48  seekfree_mt9v032.o(i.seekfree_sendimg_032)
    spi_init                                 0x00009d79   Thumb Code   784  mk60_spi.o(i.spi_init)
    spi_mosi                                 0x0000a0a5   Thumb Code   256  mk60_spi.o(i.spi_mosi)
    spi_mosi_cmd                             0x0000a1ad   Thumb Code   484  mk60_spi.o(i.spi_mosi_cmd)
    systick_delay                            0x0000a399   Thumb Code    44  mk60_systick.o(i.systick_delay)
    systick_delay_ms                         0x0000a3c5   Thumb Code    32  mk60_systick.o(i.systick_delay_ms)
    uart_getchar                             0x0000a3e9   Thumb Code    30  mk60_uart.o(i.uart_getchar)
    uart_init                                0x0000a40d   Thumb Code   452  mk60_uart.o(i.uart_init)
    uart_putbuff                             0x0000a5e5   Thumb Code    30  mk60_uart.o(i.uart_putbuff)
    uart_putchar                             0x0000a605   Thumb Code    28  mk60_uart.o(i.uart_putchar)
    uart_rx_irq_en                           0x0000a625   Thumb Code    50  mk60_uart.o(i.uart_rx_irq_en)
    yuzhiget                                 0x0000a65d   Thumb Code   278  imageprocessing.o(i.yuzhiget)
    ADCX                                     0x0000a780   Data           8  mk60_adc.o(.constdata)
    F6x8                                     0x0000a828   Data         552  seekfree_oled.o(.constdata)
    F8X16                                    0x0000aa50   Data        1520  seekfree_oled.o(.constdata)
    __mathlib_zero                           0x0000b0d8   Data           8  qnan.o(.constdata)
    Region$$Table$$Base                      0x0000b0e0   Number         0  anon$$obj.o(Region$$Table)
    Region$$Table$$Limit                     0x0000b100   Number         0  anon$$obj.o(Region$$Table)
    mcgout_clk_mhz                           0x20000000   Data           4  common.o(.data)
    core_clk_mhz                             0x20000004   Data           4  common.o(.data)
    bus_clk_mhz                              0x20000008   Data           4  common.o(.data)
    period                                   0x2000000c   Data           6  mk60_ftm.o(.data)
    SPIN                                     0x20000014   Data          12  mk60_spi.o(.data)
    uart                                     0x20000020   Data          20  mk60_uart.o(.data)
    flag_5ms                                 0x20000034   Data           1  isr.o(.data)
    flag_10ms                                0x20000035   Data           1  isr.o(.data)
    flag_50ms                                0x20000036   Data           1  isr.o(.data)
    flag_100ms                               0x20000037   Data           1  isr.o(.data)
    flag_200ms                               0x20000038   Data           1  isr.o(.data)
    flag_500ms                               0x2000003a   Data           2  isr.o(.data)
    Flag_Blue                                0x2000003c   Data           1  isr.o(.data)
    Count_Blue                               0x2000003e   Data           2  isr.o(.data)
    Flag_Zhi_ZA                              0x20000040   Data           1  isr.o(.data)
    Gyro_Z_Z                                 0x20000044   Data           4  isr.o(.data)
    Distance2                                0x20000048   Data           2  isr.o(.data)
    Distance22                               0x2000004a   Data           2  isr.o(.data)
    Count_Round_ZA                           0x2000004c   Data           2  isr.o(.data)
    Flag_Round_ZA                            0x2000004e   Data           1  isr.o(.data)
    flag_50ms_R_ZA                           0x2000004f   Data           1  isr.o(.data)
    flag_2ms_R_ZA                            0x20000050   Data           2  isr.o(.data)
    Count_RZA_2                              0x20000052   Data           2  isr.o(.data)
    Count_RZA_3                              0x20000054   Data           2  isr.o(.data)
    Count_RZA_4                              0x20000056   Data           2  isr.o(.data)
    Gyro_R_Z                                 0x20000058   Data           4  isr.o(.data)
    Res2                                     0x2000005c   Data           1  isr.o(.data)
    step2                                    0x2000005d   Data           1  isr.o(.data)
    buf2                                     0x2000005e   Data           8  isr.o(.data)
    Buf2_Num                                 0x20000068   Data           4  isr.o(.data)
    Speed22_Num                              0x2000006c   Data           4  isr.o(.data)
    Count_buf22                              0x20000070   Data           1  isr.o(.data)
    j22                                      0x20000071   Data           1  isr.o(.data)
    k22                                      0x20000072   Data           1  isr.o(.data)
    temp22                                   0x20000074   Data           2  isr.o(.data)
    Dis2                                     0x20000078   Data           8  isr.o(.data)
    Dis2_Error                               0x20000080   Data           4  isr.o(.data)
    Flag_R_ZA                                0x20000084   Data           1  isr.o(.data)
    R_ZA_Count                               0x20000086   Data           2  isr.o(.data)
    PD_Z                                     0x20000088   Data           4  isr.o(.data)
    PD_Z_wq                                  0x2000008c   Data           4  isr.o(.data)
    Cnt_PD                                   0x20000090   Data           2  isr.o(.data)
    Flag_LZ_10ms                             0x20000092   Data           1  isr.o(.data)
    Flag_LZCnt_10ms                          0x20000093   Data           1  isr.o(.data)
    Flag_LZ                                  0x20000094   Data           1  isr.o(.data)
    LZ_Int                                   0x20000098   Data           4  isr.o(.data)
    Sp_Lz                                    0x2000009c   Data           1  isr.o(.data)
    Speed_LzSum                              0x200000a0   Data           4  isr.o(.data)
    Speed_LsInt                              0x200000a4   Data           2  isr.o(.data)
    Flag_DC_Control                          0x200000a6   Data           1  isr.o(.data)
    GYRO                                     0x200000a8   Data           6  control.o(.data)
    GYRO_Offset                              0x200000ae   Data           6  control.o(.data)
    GYRO_Last                                0x200000b4   Data           6  control.o(.data)
    ACC                                      0x200000ba   Data           6  control.o(.data)
    ACC_Offset                               0x200000c0   Data           6  control.o(.data)
    ACC_Last                                 0x200000c6   Data           6  control.o(.data)
    In_Out_Roundabout_I                      0x200000cc   Data           4  control.o(.data)
    In_Out_Roundabout_ture_I                 0x200000d0   Data           4  control.o(.data)
    Out_Roundabout_I                         0x200000d4   Data           4  control.o(.data)
    Run_I                                    0x200000d8   Data           4  control.o(.data)
    Speed_Now                                0x200000dc   Data           4  control.o(.data)
    Speed_Now_Last                           0x200000e0   Data           4  control.o(.data)
    Speed_Min                                0x200000e4   Data           4  control.o(.data)
    Speed_Set                                0x200000e8   Data           4  control.o(.data)
    Theory_Duty                              0x200000ec   Data           4  control.o(.data)
    Vel_Set                                  0x200000f0   Data           4  control.o(.data)
    Direct_Parameter                         0x200000f4   Data           4  control.o(.data)
    Direct_Last                              0x200000f8   Data           4  control.o(.data)
    Curvature                                0x200000fc   Data           4  control.o(.data)
    Target_Angle_min                         0x20000100   Data           4  control.o(.data)
    Target_Angle_max                         0x20000104   Data           4  control.o(.data)
    Zero_Angle                               0x20000108   Data           4  control.o(.data)
    Zero_Angle2                              0x2000010c   Data           4  control.o(.data)
    System_OK                                0x20000110   Data           1  control.o(.data)
    Speed_Flag                               0x20000111   Data           1  control.o(.data)
    Angle_Flag                               0x20000112   Data           1  control.o(.data)
    Ang_Velocity_Flag                        0x20000113   Data           1  control.o(.data)
    point_center                             0x20000114   Data           2  control.o(.data)
    TP                                       0x20000118   Data           4  control.o(.data)
    Curvature_E                              0x2000011c   Data           4  control.o(.data)
    Left_Offset                              0x20000120   Data           4  control.o(.data)
    Round_Increase                           0x20000124   Data           4  control.o(.data)
    DianCi_Offset                            0x20000128   Data           4  electromagnetism.o(.data)
    Dif_Nor_coefficient                      0x2000012c   Data           1  electromagnetism.o(.data)
    LAD                                      0x20000130   Data           4  electromagnetism.o(.data)
    RAD                                      0x20000134   Data           4  electromagnetism.o(.data)
    MAD                                      0x20000138   Data           4  electromagnetism.o(.data)
    LADC                                     0x2000013c   Data           4  electromagnetism.o(.data)
    RADC                                     0x20000140   Data           4  electromagnetism.o(.data)
    LAD_min                                  0x20000144   Data           4  electromagnetism.o(.data)
    LAD_max                                  0x20000148   Data           4  electromagnetism.o(.data)
    RAD_min                                  0x2000014c   Data           4  electromagnetism.o(.data)
    RAD_max                                  0x20000150   Data           4  electromagnetism.o(.data)
    MAD_min                                  0x20000154   Data           4  electromagnetism.o(.data)
    MAD_max                                  0x20000158   Data           4  electromagnetism.o(.data)
    LADC_min                                 0x2000015c   Data           4  electromagnetism.o(.data)
    LADC_max                                 0x20000160   Data           4  electromagnetism.o(.data)
    RADC_min                                 0x20000164   Data           4  electromagnetism.o(.data)
    RADC_max                                 0x20000168   Data           4  electromagnetism.o(.data)
    I_LAD                                    0x2000016c   Data           4  electromagnetism.o(.data)
    I_LADC                                   0x20000170   Data           4  electromagnetism.o(.data)
    I_MAD                                    0x20000174   Data           4  electromagnetism.o(.data)
    I_RADC                                   0x20000178   Data           4  electromagnetism.o(.data)
    I_RAD                                    0x2000017c   Data           4  electromagnetism.o(.data)
    O_I                                      0x20000180   Data           4  electromagnetism.o(.data)
    Roundabout_cnt                           0x20000184   Data           1  electromagnetism.o(.data)
    Roundabin_cnt                            0x20000185   Data           1  electromagnetism.o(.data)
    In_Roundabout_Flag                       0x20000186   Data           1  electromagnetism.o(.data)
    In_Roundabout_Flag_O                     0x20000187   Data           1  electromagnetism.o(.data)
    Out_Roundabout_Flag                      0x20000188   Data           1  electromagnetism.o(.data)
    Judge_Time                               0x20000189   Data           1  electromagnetism.o(.data)
    Circle_Int                               0x2000018c   Data           4  electromagnetism.o(.data)
    Circle_Int_Max                           0x20000190   Data           4  electromagnetism.o(.data)
    Ring_Direction                           0x20000194   Data           1  electromagnetism.o(.data)
    Inductance_Compensation                  0x20000198   Data           4  electromagnetism.o(.data)
    Ring_Inductance_Compensation1            0x2000019c   Data           4  electromagnetism.o(.data)
    Ring_Inductance_Compensation2            0x200001a0   Data           4  electromagnetism.o(.data)
    Flag7_time1                              0x200001a4   Data           2  electromagnetism.o(.data)
    Inductance_Compensation2                 0x200001a8   Data           4  electromagnetism.o(.data)
    Ring_Inductance_Compensation21           0x200001ac   Data           4  electromagnetism.o(.data)
    Ring_Inductance_Compensation22           0x200001b0   Data           4  electromagnetism.o(.data)
    Flag7_time2                              0x200001b4   Data           2  electromagnetism.o(.data)
    Horizontal_Inductance                    0x200001b8   Data           4  electromagnetism.o(.data)
    Oblique_Inductance                       0x200001bc   Data           4  electromagnetism.o(.data)
    GyrpZ_Int_ZL                             0x200001c0   Data           4  electromagnetism.o(.data)
    In_offset                                0x200001c4   Data           4  electromagnetism.o(.data)
    Ring_In_offset                           0x200001c8   Data           4  electromagnetism.o(.data)
    Round_int                                0x200001cc   Data           4  electromagnetism.o(.data)
    EdgeThres                                0x200001d0   Data           2  imageprocessing.o(.data)
    BlackThres                               0x200001d4   Data           4  imageprocessing.o(.data)
    Round_start                              0x200001d8   Data           1  imageprocessing.o(.data)
    Round_WhiteH                             0x200001d9   Data           1  imageprocessing.o(.data)
    Flag_7H                                  0x200001da   Data           1  imageprocessing.o(.data)
    Ka_L                                     0x200001dc   Data           4  imageprocessing.o(.data)
    Kb_L                                     0x200001e0   Data           4  imageprocessing.o(.data)
    Ka_R                                     0x200001e4   Data           4  imageprocessing.o(.data)
    Kb_R                                     0x200001e8   Data           4  imageprocessing.o(.data)
    R_Z                                      0x200001ec   Data           1  imageprocessing.o(.data)
    R_Y                                      0x200001ed   Data           1  imageprocessing.o(.data)
    Count_DD                                 0x200001ee   Data           1  imageprocessing.o(.data)
    Offset_OK                                0x200001f0   Data           1  imu.o(.data)
    GravityAngle                             0x200001f4   Data           4  imu.o(.data)
    GYROSCOPE_ANGLE_RATIO                    0x200001f8   Data           4  imu.o(.data)
    AngleSpeed_Y                             0x200001fc   Data           4  imu.o(.data)
    angle_y                                  0x20000200   Data           4  imu.o(.data)
    Gyrox_int                                0x20000204   Data           4  imu.o(.data)
    angle                                    0x20000208   Data           4  imu.o(.data)
    angle_dot                                0x2000020c   Data           4  imu.o(.data)
    Q_angle                                  0x20000210   Data           4  imu.o(.data)
    Q_gyro                                   0x20000214   Data           4  imu.o(.data)
    R_angle                                  0x20000218   Data           4  imu.o(.data)
    dt                                       0x2000021c   Data           4  imu.o(.data)
    P                                        0x20000220   Data          16  imu.o(.data)
    q_bias                                   0x20000230   Data           4  imu.o(.data)
    angle_err                                0x20000234   Data           4  imu.o(.data)
    PCt_0                                    0x20000238   Data           4  imu.o(.data)
    PCt_1                                    0x2000023c   Data           4  imu.o(.data)
    E                                        0x20000240   Data           4  imu.o(.data)
    K_0                                      0x20000244   Data           4  imu.o(.data)
    K_1                                      0x20000248   Data           4  imu.o(.data)
    t_0                                      0x2000024c   Data           4  imu.o(.data)
    t_1                                      0x20000250   Data           4  imu.o(.data)
    GYRO_X_BUF                               0x20000254   Data           4  imu.o(.data)
    GYRO_Y_BUF                               0x20000258   Data           4  imu.o(.data)
    GYRO_Z_BUF                               0x2000025c   Data           4  imu.o(.data)
    System_mode                              0x20000260   Data           1  system.o(.data)
    Flag_Running_State                       0x20000261   Data           1  system.o(.data)
    Flag_PD_QP                               0x20000262   Data           1  system.o(.data)
    MOTOR                                    0x20000264   Data          16  pid.o(.data)
    Angle                                    0x20000274   Data          16  pid.o(.data)
    Ang_Vel                                  0x20000284   Data          16  pid.o(.data)
    Direct                                   0x20000294   Data          16  pid.o(.data)
    Round                                    0x200002a4   Data          16  pid.o(.data)
    Round_Angle                              0x200002b4   Data          16  pid.o(.data)
    Round_Direct                             0x200002c4   Data          16  pid.o(.data)
    Angle_up                                 0x200002d4   Data          16  pid.o(.data)
    Ang_Vel_up                               0x200002e4   Data          16  pid.o(.data)
    MOTOR_PD                                 0x200002f4   Data          16  pid.o(.data)
    Angle_PD                                 0x20000304   Data          16  pid.o(.data)
    Ang_Vel_PD                               0x20000314   Data          16  pid.o(.data)
    Direct_PD                                0x20000324   Data          16  pid.o(.data)
    Turn                                     0x20000334   Data          80  pid.o(.data)
    TURN_lim                                 0x20000384   Data           4  pid.o(.data)
    Difference                               0x20000388   Data           4  pid.o(.data)
    Differencelast                           0x2000038c   Data           4  pid.o(.data)
    Run_Flag                                 0x20000390   Data           1  motor.o(.data)
    MOTOR_Speed_Left                         0x20000394   Data           4  motor.o(.data)
    MOTOR_Speed_Right                        0x20000398   Data           4  motor.o(.data)
    Left_Crazy                               0x2000039c   Data           1  motor.o(.data)
    Right_Crazy                              0x2000039d   Data           1  motor.o(.data)
    Crazy_Flag                               0x2000039e   Data           1  motor.o(.data)
    MOTOR_Duty_Left                          0x200003a0   Data           4  motor.o(.data)
    MOTOR_Duty_Right                         0x200003a4   Data           4  motor.o(.data)
    MOTOR_Left_Acc                           0x200003a8   Data           4  motor.o(.data)
    MOTOR_Right_Acc                          0x200003ac   Data           4  motor.o(.data)
    MOTOR_Speed_Left_Last                    0x200003b0   Data           4  motor.o(.data)
    MOTOR_Speed_Right_Last                   0x200003b4   Data           4  motor.o(.data)
    SpeedRw                                  0x200003b8   Data           4  motor.o(.data)
    SpeedLw                                  0x200003bc   Data           4  motor.o(.data)
    Point                                    0x200003c0   Data           1  motor.o(.data)
    Point_Num                                0x200003c1   Data           1  motor.o(.data)
    LeftMotorOut                             0x200003c4   Data           4  motor.o(.data)
    RightMotorOut                            0x200003c8   Data           4  motor.o(.data)
    Fres                                     0x200003cc   Data           4  motor.o(.data)
    Speed_PD_MIN                             0x200003d0   Data           2  motor.o(.data)
    Flag_R_CP                                0x200003dc   Data           1  transformers.o(.data)
    Flag_PDWP                                0x200003dd   Data           1  transformers.o(.data)
    receive                                  0x200003de   Data           3  seekfree_mt9v032.o(.data)
    receive_num                              0x200003e1   Data           1  seekfree_mt9v032.o(.data)
    uart_receive_flag                        0x200003e2   Data           1  seekfree_mt9v032.o(.data)
    MT9V032_CFG                              0x200003e4   Data          36  seekfree_mt9v032.o(.data)
    GET_CFG                                  0x20000408   Data          32  seekfree_mt9v032.o(.data)
    now_row                                  0x20000428   Data           2  seekfree_mt9v032.o(.data)
    mt9v032_finish_flag                      0x2000042a   Data           1  seekfree_mt9v032.o(.data)
    buf22                                    0x2000042c   Data          10  isr.o(.bss)
    Speed22                                  0x20000436   Data          10  isr.o(.bss)
    Speed_LZ                                 0x20000440   Data          10  isr.o(.bss)
    GYRO_Real                                0x2000044c   Data          12  control.o(.bss)
    ACC_Real                                 0x20000458   Data          12  control.o(.bss)
    Attitude_Angle                           0x20000464   Data          12  control.o(.bss)
    Last_Angle                               0x20000470   Data          12  control.o(.bss)
    Target_Angle                             0x2000047c   Data          12  control.o(.bss)
    Target_Angle_Grow                        0x20000488   Data          12  control.o(.bss)
    Tar_Ang_Vel                              0x20000494   Data          12  control.o(.bss)
    Tar_Ang_Vel_Last                         0x200004a0   Data          12  control.o(.bss)
    Tar_Ang_Vel_Grow                         0x200004ac   Data          12  control.o(.bss)
    AD_Value_temp                            0x200004b8   Data          70  electromagnetism.o(.bss)
    AD_Value                                 0x20000500   Data          28  electromagnetism.o(.bss)
    LEFT                                     0x2000051c   Data         546  imageprocessing.o(.bss)
    RIGHT                                    0x2000073e   Data         546  imageprocessing.o(.bss)
    image                                    0x20000960   Data        5640  imageprocessing.o(.bss)
    Pdot                                     0x20001f68   Data          16  imu.o(.bss)
    ACC_X_BUF                                0x20001f78   Data          20  imu.o(.bss)
    ACC_Y_BUF                                0x20001f8c   Data          20  imu.o(.bss)
    ACC_Z_BUF                                0x20001fa0   Data          20  imu.o(.bss)
    MOTOR_PID                                0x20001fb4   Data          16  pid.o(.bss)
    Angle_PID                                0x20001fc4   Data          16  pid.o(.bss)
    Ang_Vel_PID                              0x20001fd4   Data          16  pid.o(.bss)
    Direct_PID                               0x20001fe4   Data          16  pid.o(.bss)
    Turn_PID                                 0x20001ff4   Data          16  pid.o(.bss)
    Distance_PID                             0x20002004   Data          16  pid.o(.bss)
    Roundspeed_PID                           0x20002014   Data          16  pid.o(.bss)
    Roundangle_PID                           0x20002024   Data          16  pid.o(.bss)
    Rounddirect_PID                          0x20002034   Data          16  pid.o(.bss)
    Image_I                                  0x20002044   Data       22560  seekfree_mt9v032.o(.bss)
    imagenew                                 0x20007864   Data       22560  seekfree_mt9v032.o(.bss)
    __initial_sp                             0x2000d488   Data           0  startup_mk66f18.o(STACK)



==============================================================================

Memory Map of the image

  Image Entry point : 0x00000411

  Load Region LR_IROM1 (Base: 0x00000000, Size: 0x0000b52c, Max: 0x00100000, ABSOLUTE, COMPRESSED[0x0000b248])

    Execution Region ER_IROM1 (Exec base: 0x00000000, Load base: 0x00000000, Size: 0x0000b100, Max: 0x00100000, ABSOLUTE)

    Exec Addr    Load Addr    Size         Type   Attr      Idx    E Section Name        Object

    0x00000000   0x00000000   0x00000400   Data   RO            3    RESET               startup_mk66f18.o
    0x00000400   0x00000400   0x00000010   Code   RO            4    .ARM.__at_0x400     startup_mk66f18.o
    0x00000410   0x00000410   0x00000000   Code   RO         4338  * .ARM.Collect$$$$00000000  mc_w.l(entry.o)
    0x00000410   0x00000410   0x00000004   Code   RO         4446    .ARM.Collect$$$$00000001  mc_w.l(entry2.o)
    0x00000414   0x00000414   0x00000004   Code   RO         4449    .ARM.Collect$$$$00000004  mc_w.l(entry5.o)
    0x00000418   0x00000418   0x00000000   Code   RO         4451    .ARM.Collect$$$$00000008  mc_w.l(entry7b.o)
    0x00000418   0x00000418   0x00000000   Code   RO         4453    .ARM.Collect$$$$0000000A  mc_w.l(entry8b.o)
    0x00000418   0x00000418   0x00000008   Code   RO         4454    .ARM.Collect$$$$0000000B  mc_w.l(entry9a.o)
    0x00000420   0x00000420   0x00000000   Code   RO         4456    .ARM.Collect$$$$0000000D  mc_w.l(entry10a.o)
    0x00000420   0x00000420   0x00000000   Code   RO         4458    .ARM.Collect$$$$0000000F  mc_w.l(entry11a.o)
    0x00000420   0x00000420   0x00000004   Code   RO         4447    .ARM.Collect$$$$00002712  mc_w.l(entry2.o)
    0x00000424   0x00000424   0x00000028   Code   RO            5    .text               startup_mk66f18.o
    0x0000044c   0x0000044c   0x00000062   Code   RO         4341    .text               mc_w.l(ldiv.o)
    0x000004ae   0x000004ae   0x00000024   Code   RO         4343    .text               mc_w.l(memcpya.o)
    0x000004d2   0x000004d2   0x00000024   Code   RO         4345    .text               mc_w.l(memseta.o)
    0x000004f6   0x000004f6   0x0000014e   Code   RO         4377    .text               mf_w.l(dadd.o)
    0x00000644   0x00000644   0x000000e4   Code   RO         4379    .text               mf_w.l(dmul.o)
    0x00000728   0x00000728   0x000000de   Code   RO         4381    .text               mf_w.l(ddiv.o)
    0x00000806   0x00000806   0x0000002c   Code   RO         4383    .text               mf_w.l(ffltl.o)
    0x00000832   0x00000832   0x00000022   Code   RO         4385    .text               mf_w.l(dflti.o)
    0x00000854   0x00000854   0x0000003e   Code   RO         4387    .text               mf_w.l(dfixi.o)
    0x00000892   0x00000892   0x00000026   Code   RO         4389    .text               mf_w.l(f2d.o)
    0x000008b8   0x000008b8   0x00000030   Code   RO         4391    .text               mf_w.l(cdcmple.o)
    0x000008e8   0x000008e8   0x00000038   Code   RO         4393    .text               mf_w.l(d2f.o)
    0x00000920   0x00000920   0x00000062   Code   RO         4460    .text               mc_w.l(uldiv.o)
    0x00000982   0x00000982   0x0000001e   Code   RO         4462    .text               mc_w.l(llshl.o)
    0x000009a0   0x000009a0   0x00000020   Code   RO         4464    .text               mc_w.l(llushr.o)
    0x000009c0   0x000009c0   0x00000024   Code   RO         4466    .text               mc_w.l(llsshr.o)
    0x000009e4   0x000009e4   0x00000000   Code   RO         4477    .text               mc_w.l(iusefp.o)
    0x000009e4   0x000009e4   0x0000006e   Code   RO         4478    .text               mf_w.l(fepilogue.o)
    0x00000a52   0x00000a52   0x000000ba   Code   RO         4480    .text               mf_w.l(depilogue.o)
    0x00000b0c   0x00000b0c   0x00000024   Code   RO         4488    .text               mc_w.l(init.o)
    0x00000b30   0x00000b30   0x00000056   Code   RO         4500    .text               mc_w.l(__dczerorl2.o)
    0x00000b86   0x00000b86   0x00000002   PAD
    0x00000b88   0x00000b88   0x00000370   Code   RO         1484    i.Balance_Control   control.o
    0x00000ef8   0x00000ef8   0x00000338   Code   RO         1485    i.Balance_Control_2  control.o
    0x00001230   0x00001230   0x00000334   Code   RO         1486    i.Balance_Control_3  control.o
    0x00001564   0x00001564   0x00000334   Code   RO         1487    i.Balance_Control_4  control.o
    0x00001898   0x00001898   0x00000368   Code   RO         1488    i.Balance_Control_DC  control.o
    0x00001c00   0x00001c00   0x000000d0   Code   RO         2073    i.Balance_Sensor_Calculate  imu.o
    0x00001cd0   0x00001cd0   0x00000034   Code   RO         2074    i.Balance_Sensor_Init  imu.o
    0x00001d04   0x00001d04   0x0000003c   Code   RO         2806    i.Control_Model_0   transformers.o
    0x00001d40   0x00001d40   0x0000003c   Code   RO         2807    i.Control_Model_1   transformers.o
    0x00001d7c   0x00001d7c   0x0000003c   Code   RO         2808    i.Control_Model_4   transformers.o
    0x00001db8   0x00001db8   0x0000003c   Code   RO         2809    i.Control_Model_5   transformers.o
    0x00001df4   0x00001df4   0x000001ec   Code   RO         2810    i.Control_Model_6   transformers.o
    0x00001fe0   0x00001fe0   0x00000208   Code   RO         2811    i.Control_Model_7   transformers.o
    0x000021e8   0x000021e8   0x00000018   Code   RO          989    i.DMA0_IRQHandler   isr.o
    0x00002200   0x00002200   0x00000208   Code   RO         2075    i.Data_Filter       imu.o
    0x00002408   0x00002408   0x000001d0   Code   RO         2076    i.Data_Filter2      imu.o
    0x000025d8   0x000025d8   0x0000001c   Code   RO           15    i.Disable_Wdog      system_mk66.o
    0x000025f4   0x000025f4   0x00000338   Code   RO         2813    i.Erect_Obstacle    transformers.o
    0x0000292c   0x0000292c   0x000000ac   Code   RO         2814    i.Erect_PT          transformers.o
    0x000029d8   0x000029d8   0x000000d4   Code   RO         2815    i.Erect_Round       transformers.o
    0x00002aac   0x00002aac   0x00000194   Code   RO          337    i.FTM_port_mux      mk60_ftm.o
    0x00002c40   0x00002c40   0x000000fc   Code   RO         2077    i.Get_Attitude      imu.o
    0x00002d3c   0x00002d3c   0x00000048   Code   RO         2010    i.Image_Get         imageprocessing.o
    0x00002d84   0x00002d84   0x00000088   Code   RO         2011    i.Image_HandleSL    imageprocessing.o
    0x00002e0c   0x00002e0c   0x00000088   Code   RO         2012    i.Image_HandleZL    imageprocessing.o
    0x00002e94   0x00002e94   0x00000b30   Code   RO         1765    i.Inductance_filter  electromagnetism.o
    0x000039c4   0x000039c4   0x00000b74   Code   RO         1766    i.Inductance_filter2  electromagnetism.o
    0x00004538   0x00004538   0x000000fc   Code   RO         1767    i.Inductance_get    electromagnetism.o
    0x00004634   0x00004634   0x00000084   Code   RO         1768    i.Inductance_init   electromagnetism.o
    0x000046b8   0x000046b8   0x000003fc   Code   RO         2013    i.Jian_Yi_7H_SL     imageprocessing.o
    0x00004ab4   0x00004ab4   0x000003fc   Code   RO         2014    i.Jian_Yi_7H_ZL     imageprocessing.o
    0x00004eb0   0x00004eb0   0x00000274   Code   RO         2078    i.Kalman_Filter     imu.o
    0x00005124   0x00005124   0x0000009c   Code   RO         2736    i.MOTOR_Control     motor.o
    0x000051c0   0x000051c0   0x0000003c   Code   RO         2737    i.MotorInit         motor.o
    0x000051fc   0x000051fc   0x00000002   Code   RO           16    i.NMI_Handler       system_mk66.o
    0x000051fe   0x000051fe   0x00000016   Code   RO          844    i.NVIC_EnableIRQ    mk60_uart.o
    0x00005214   0x00005214   0x00000016   Code   RO         3322    i.NVIC_EnableIRQ    seekfree_mt9v032.o
    0x0000522a   0x0000522a   0x00000002   PAD
    0x0000522c   0x0000522c   0x00000028   Code   RO         2312    i.NVIC_SetPriority  system.o
    0x00005254   0x00005254   0x00000028   Code   RO         3323    i.NVIC_SetPriority  seekfree_mt9v032.o
    0x0000527c   0x0000527c   0x00000024   Code   RO         2143    i.OLEDIIC_Start     oled.o
    0x000052a0   0x000052a0   0x0000001c   Code   RO         2144    i.OLEDIIC_Stop      oled.o
    0x000052bc   0x000052bc   0x00000014   Code   RO         2145    i.OLEDIIC_Wait_Ack  oled.o
    0x000052d0   0x000052d0   0x00000050   Code   RO         2146    i.OLEDWrite_IIC_Byte  oled.o
    0x00005320   0x00005320   0x0000002c   Code   RO         2147    i.OLEDWrite_IIC_Command  oled.o
    0x0000534c   0x0000534c   0x0000002c   Code   RO         2148    i.OLEDWrite_IIC_Data  oled.o
    0x00005378   0x00005378   0x0000003e   Code   RO         2149    i.OLED_Clear        oled.o
    0x000053b6   0x000053b6   0x000000f6   Code   RO         2155    i.OLED_Init         oled.o
    0x000054ac   0x000054ac   0x00000028   Code   RO         2157    i.OLED_Set_Pos      oled.o
    0x000054d4   0x000054d4   0x000000a4   Code   RO         2161    i.OLED_ShowChar     oled.o
    0x00005578   0x00005578   0x0000007a   Code   RO         2162    i.OLED_ShowNum      oled.o
    0x000055f2   0x000055f2   0x0000003a   Code   RO         2163    i.OLED_ShowString   oled.o
    0x0000562c   0x0000562c   0x00000018   Code   RO         2164    i.OLED_WR_Byte      oled.o
    0x00005644   0x00005644   0x00000098   Code   RO         2313    i.PD_init           system.o
    0x000056dc   0x000056dc   0x0000005e   Code   RO         2680    i.PID_Increase      pid.o
    0x0000573a   0x0000573a   0x00000002   PAD
    0x0000573c   0x0000573c   0x00000018   Code   RO         2681    i.PID_Parameter_Init  pid.o
    0x00005754   0x00005754   0x0000009c   Code   RO         2682    i.PID_Realize       pid.o
    0x000057f0   0x000057f0   0x000000cc   Code   RO         2683    i.PID_Realize_D     pid.o
    0x000058bc   0x000058bc   0x000001f4   Code   RO          990    i.PIT0_IRQHandler   isr.o
    0x00005ab0   0x00005ab0   0x00000178   Code   RO          991    i.PORTA_IRQHandler  isr.o
    0x00005c28   0x00005c28   0x00000010   Code   RO          992    i.PORTB_IRQHandler  isr.o
    0x00005c38   0x00005c38   0x00000014   Code   RO          993    i.PORTC_IRQHandler  isr.o
    0x00005c4c   0x00005c4c   0x00000090   Code   RO         2314    i.PT_init           system.o
    0x00005cdc   0x00005cdc   0x00000200   Code   RO         2684    i.PlacePID_Control  pid.o
    0x00005edc   0x00005edc   0x000003bc   Code   RO         1489    i.Round_Control     control.o
    0x00006298   0x00006298   0x00000304   Code   RO         1490    i.Round_Control_2   control.o
    0x0000659c   0x0000659c   0x00000300   Code   RO         1491    i.Round_Control_3   control.o
    0x0000689c   0x0000689c   0x00000300   Code   RO         1492    i.Round_Control_4   control.o
    0x00006b9c   0x00006b9c   0x0000015c   Code   RO         2816    i.Round_Erect       transformers.o
    0x00006cf8   0x00006cf8   0x000002b8   Code   RO         2817    i.Round_Obstacle    transformers.o
    0x00006fb0   0x00006fb0   0x000000a0   Code   RO         2818    i.Round_PT          transformers.o
    0x00007050   0x00007050   0x000000b8   Code   RO           17    i.SYSTEM_CLK        system_mk66.o
    0x00007108   0x00007108   0x000000f4   Code   RO         2079    i.Sensor_Offset     imu.o
    0x000071fc   0x000071fc   0x0000052c   Code   RO         2738    i.Speed_Measure     motor.o
    0x00007728   0x00007728   0x00000028   Code   RO           18    i.Start             system_mk66.o
    0x00007750   0x00007750   0x000003b8   Code   RO         2315    i.System_Init       system.o
    0x00007b08   0x00007b08   0x000002ec   Code   RO         2316    i.System_Mode_Judgement  system.o
    0x00007df4   0x00007df4   0x00000010   Code   RO          994    i.UART1_RX_TX_IRQHandler  isr.o
    0x00007e04   0x00007e04   0x00000494   Code   RO         2786    i.UART2_RX_TX_IRQHandler  uart2.o
    0x00008298   0x00008298   0x0000001c   Code   RO          995    i.UART3_RX_TX_IRQHandler  isr.o
    0x000082b4   0x000082b4   0x00000020   Code   RO         3324    i.VSYNC             seekfree_mt9v032.o
    0x000082d4   0x000082d4   0x0000022c   Code   RO         1494    i.Vertical_Change_Three_Wheels  control.o
    0x00008500   0x00008500   0x00000030   Code   RO         4429    i.__ARM_fpclassify  m_wm.l(fpclassify.o)
    0x00008530   0x00008530   0x000002d8   Code   RO         4395    i.__hardfp_atan     m_wm.l(atan.o)
    0x00008808   0x00008808   0x000001f0   Code   RO         4312    i.__hardfp_atan2    m_wm.l(atan2.o)
    0x000089f8   0x000089f8   0x000000f8   Code   RO         4431    i.__kernel_poly     m_wm.l(poly.o)
    0x00008af0   0x00008af0   0x00000014   Code   RO         4410    i.__mathlib_dbl_infnan  m_wm.l(dunder.o)
    0x00008b04   0x00008b04   0x00000014   Code   RO         4411    i.__mathlib_dbl_infnan2  m_wm.l(dunder.o)
    0x00008b18   0x00008b18   0x00000020   Code   RO         4415    i.__mathlib_dbl_underflow  m_wm.l(dunder.o)
    0x00008b38   0x00008b38   0x0000000e   Code   RO         4494    i.__scatterload_copy  mc_w.l(handlers.o)
    0x00008b46   0x00008b46   0x00000002   Code   RO         4495    i.__scatterload_null  mc_w.l(handlers.o)
    0x00008b48   0x00008b48   0x0000000e   Code   RO         4496    i.__scatterload_zeroinit  mc_w.l(handlers.o)
    0x00008b56   0x00008b56   0x00000002   PAD
    0x00008b58   0x00008b58   0x000001b0   Code   RO          151    i.adc_init          mk60_adc.o
    0x00008d08   0x00008d08   0x0000004c   Code   RO          152    i.adc_once          mk60_adc.o
    0x00008d54   0x00008d54   0x00000038   Code   RO          153    i.adc_start         mk60_adc.o
    0x00008d8c   0x00008d8c   0x00000010   Code   RO         4397    i.atan              m_wm.l(atan.o)
    0x00008d9c   0x00008d9c   0x0000012c   Code   RO         3325    i.camera_init       seekfree_mt9v032.o
    0x00008ec8   0x00008ec8   0x0000004c   Code   RO           19    i.div_set           system_mk66.o
    0x00008f14   0x00008f14   0x000001a4   Code   RO          265    i.dma_portx2buff_init  mk60_dma.o
    0x000090b8   0x000090b8   0x00000050   Code   RO         3326    i.dma_repeat        seekfree_mt9v032.o
    0x00009108   0x00009108   0x00000018   Code   RO         4425    i.fabs              m_wm.l(fabs.o)
    0x00009120   0x00009120   0x00000080   Code   RO          341    i.ftm_pwm_duty      mk60_ftm.o
    0x000091a0   0x000091a0   0x00000134   Code   RO          343    i.ftm_pwm_init      mk60_ftm.o
    0x000092d4   0x000092d4   0x00000010   Code   RO          344    i.ftm_quad_clean    mk60_ftm.o
    0x000092e4   0x000092e4   0x00000014   Code   RO          345    i.ftm_quad_get      mk60_ftm.o
    0x000092f8   0x000092f8   0x000000e4   Code   RO          346    i.ftm_quad_init     mk60_ftm.o
    0x000093dc   0x000093dc   0x00000074   Code   RO          105    i.get_clk           common.o
    0x00009450   0x00009450   0x0000006c   Code   RO         3327    i.get_config        seekfree_mt9v032.o
    0x000094bc   0x000094bc   0x0000002c   Code   RO          423    i.gpio_get          mk60_gpio.o
    0x000094e8   0x000094e8   0x000000d4   Code   RO          424    i.gpio_init         mk60_gpio.o
    0x000095bc   0x000095bc   0x00000048   Code   RO          425    i.gpio_set          mk60_gpio.o
    0x00009604   0x00009604   0x00000028   Code   RO          426    i.gpio_turn         mk60_gpio.o
    0x0000962c   0x0000962c   0x0000007c   Code   RO         3630    i.icm20602_init_spi  seekfree_icm20602.o
    0x000096a8   0x000096a8   0x00000016   Code   RO         3632    i.icm20602_self3_check  seekfree_icm20602.o
    0x000096be   0x000096be   0x00000028   Code   RO         3634    i.icm_spi_r_reg_byte  seekfree_icm20602.o
    0x000096e6   0x000096e6   0x0000002a   Code   RO         3635    i.icm_spi_r_reg_bytes  seekfree_icm20602.o
    0x00009710   0x00009710   0x00000026   Code   RO         3636    i.icm_spi_w_reg_byte  seekfree_icm20602.o
    0x00009736   0x00009736   0x00000030   Code   RO         3807    i.ips_clear         seekfree_ips.o
    0x00009766   0x00009766   0x0000008c   Code   RO         3809    i.ips_displayimage032  seekfree_ips.o
    0x000097f2   0x000097f2   0x00000002   PAD
    0x000097f4   0x000097f4   0x000001c4   Code   RO         3813    i.ips_init          seekfree_ips.o
    0x000099b8   0x000099b8   0x0000004a   Code   RO         3814    i.ips_set_region    seekfree_ips.o
    0x00009a02   0x00009a02   0x0000001e   Code   RO         3821    i.ips_writeData     seekfree_ips.o
    0x00009a20   0x00009a20   0x0000001e   Code   RO         3822    i.ips_writeIndex    seekfree_ips.o
    0x00009a3e   0x00009a3e   0x00000036   Code   RO         3823    i.ips_writedata_16bit  seekfree_ips.o
    0x00009a74   0x00009a74   0x000000b4   Code   RO         1249    i.main              main.o
    0x00009b28   0x00009b28   0x00000050   Code   RO         3329    i.mt9v032_cof_uart_interrupt  seekfree_mt9v032.o
    0x00009b78   0x00009b78   0x00000016   Code   RO         2166    i.oled_pow          oled.o
    0x00009b8e   0x00009b8e   0x00000002   PAD
    0x00009b90   0x00009b90   0x0000005c   Code   RO          559    i.pit_init          mk60_pit.o
    0x00009bec   0x00009bec   0x00000074   Code   RO          604    i.port_init         mk60_port.o
    0x00009c60   0x00009c60   0x00000054   Code   RO          605    i.port_init_NoAlt   mk60_port.o
    0x00009cb4   0x00009cb4   0x00000016   Code   RO         2739    i.range_protect     motor.o
    0x00009cca   0x00009cca   0x0000002a   Code   RO         2740    i.range_protectfloat  motor.o
    0x00009cf4   0x00009cf4   0x00000050   Code   RO         3330    i.row_finished      seekfree_mt9v032.o
    0x00009d44   0x00009d44   0x00000034   Code   RO         3331    i.seekfree_sendimg_032  seekfree_mt9v032.o
    0x00009d78   0x00009d78   0x0000032c   Code   RO          763    i.spi_init          mk60_spi.o
    0x0000a0a4   0x0000a0a4   0x00000108   Code   RO          764    i.spi_mosi          mk60_spi.o
    0x0000a1ac   0x0000a1ac   0x000001ec   Code   RO          765    i.spi_mosi_cmd      mk60_spi.o
    0x0000a398   0x0000a398   0x0000002c   Code   RO          802    i.systick_delay     mk60_systick.o
    0x0000a3c4   0x0000a3c4   0x00000024   Code   RO          803    i.systick_delay_ms  mk60_systick.o
    0x0000a3e8   0x0000a3e8   0x00000024   Code   RO          846    i.uart_getchar      mk60_uart.o
    0x0000a40c   0x0000a40c   0x000001d8   Code   RO          847    i.uart_init         mk60_uart.o
    0x0000a5e4   0x0000a5e4   0x0000001e   Code   RO          848    i.uart_putbuff      mk60_uart.o
    0x0000a602   0x0000a602   0x00000002   PAD
    0x0000a604   0x0000a604   0x00000020   Code   RO          849    i.uart_putchar      mk60_uart.o
    0x0000a624   0x0000a624   0x00000038   Code   RO          853    i.uart_rx_irq_en    mk60_uart.o
    0x0000a65c   0x0000a65c   0x00000124   Code   RO         2016    i.yuzhiget          imageprocessing.o
    0x0000a780   0x0000a780   0x00000008   Data   RO          155    .constdata          mk60_adc.o
    0x0000a788   0x0000a788   0x00000010   Data   RO          347    .constdata          mk60_ftm.o
    0x0000a798   0x0000a798   0x00000028   Data   RO          427    .constdata          mk60_gpio.o
    0x0000a7c0   0x0000a7c0   0x00000028   Data   RO          606    .constdata          mk60_port.o
    0x0000a7e8   0x0000a7e8   0x00000040   Data   RO          766    .constdata          mk60_spi.o
    0x0000a828   0x0000a828   0x00000818   Data   RO         3507    .constdata          seekfree_oled.o
    0x0000b040   0x0000b040   0x00000098   Data   RO         4398    .constdata          m_wm.l(atan.o)
    0x0000b0d8   0x0000b0d8   0x00000008   Data   RO         4433    .constdata          m_wm.l(qnan.o)
    0x0000b0e0   0x0000b0e0   0x00000020   Data   RO         4492    Region$$Table       anon$$obj.o


    Execution Region RW_IRAM1 (Exec base: 0x20000000, Load base: 0x0000b100, Size: 0x0000d488, Max: 0x00030000, ABSOLUTE, COMPRESSED[0x00000148])

    Exec Addr    Load Addr    Size         Type   Attr      Idx    E Section Name        Object

    0x20000000   COMPRESSED   0x0000000c   Data   RW          106    .data               common.o
    0x2000000c   COMPRESSED   0x00000006   Data   RW          348    .data               mk60_ftm.o
    0x20000012   COMPRESSED   0x00000002   PAD
    0x20000014   COMPRESSED   0x0000000c   Data   RW          767    .data               mk60_spi.o
    0x20000020   COMPRESSED   0x00000014   Data   RW          856    .data               mk60_uart.o
    0x20000034   COMPRESSED   0x00000073   Data   RW          997    .data               isr.o
    0x200000a7   COMPRESSED   0x00000001   PAD
    0x200000a8   COMPRESSED   0x00000080   Data   RW         1496    .data               control.o
    0x20000128   COMPRESSED   0x000000a8   Data   RW         1771    .data               electromagnetism.o
    0x200001d0   COMPRESSED   0x0000001f   Data   RW         2018    .data               imageprocessing.o
    0x200001ef   COMPRESSED   0x00000001   PAD
    0x200001f0   COMPRESSED   0x00000070   Data   RW         2082    .data               imu.o
    0x20000260   COMPRESSED   0x00000003   Data   RW         2318    .data               system.o
    0x20000263   COMPRESSED   0x00000001   PAD
    0x20000264   COMPRESSED   0x0000012c   Data   RW         2686    .data               pid.o
    0x20000390   COMPRESSED   0x0000004c   Data   RW         2741    .data               motor.o
    0x200003dc   COMPRESSED   0x00000002   Data   RW         2819    .data               transformers.o
    0x200003de   COMPRESSED   0x0000004d   Data   RW         3335    .data               seekfree_mt9v032.o
    0x2000042b   COMPRESSED   0x00000001   PAD
    0x2000042c        -       0x0000001e   Zero   RW          996    .bss                isr.o
    0x2000044a   COMPRESSED   0x00000002   PAD
    0x2000044c        -       0x0000006c   Zero   RW         1495    .bss                control.o
    0x200004b8        -       0x00000064   Zero   RW         1770    .bss                electromagnetism.o
    0x2000051c        -       0x00001a4c   Zero   RW         2017    .bss                imageprocessing.o
    0x20001f68        -       0x0000004c   Zero   RW         2080    .bss                imu.o
    0x20001fb4        -       0x00000090   Zero   RW         2685    .bss                pid.o
    0x20002044        -       0x0000b040   Zero   RW         3334    .bss                seekfree_mt9v032.o
    0x2000d084   COMPRESSED   0x00000004   PAD
    0x2000d088        -       0x00000400   Zero   RW            1    STACK               startup_mk66f18.o


==============================================================================

Image component sizes


      Code (inc. data)   RO Data    RW Data    ZI Data      Debug   Object Name

       116         22          0         12          0       2860   common.o
      8036       1458          0        128        108     732565   control.o
      6180        576          0        168        100       8928   electromagnetism.o
      2676        194          0         31       6732       6335   imageprocessing.o
      2368        266          0        112         76       6650   imu.o
       980        108          0        115         30       8465   isr.o
       180         30          0          0          0       2965   main.o
       564         80          8          0          0       4105   mk60_adc.o
       420         22          0          0          0       3374   mk60_dma.o
      1104         62         16          6          0       6246   mk60_ftm.o
       368         30         40          0          0       3202   mk60_gpio.o
        92         14          0          0          0       1423   mk60_pit.o
       200         22         40          0          0       1918   mk60_port.o
      1568         44         64         12          0       5308   mk60_spi.o
        80          4          0          0          0       1191   mk60_systick.o
       648         42          0         20          0      29208   mk60_uart.o
      1604        154          0         76          0       4603   motor.o
       990         10          0          0          0       9400   oled.o
       990         58          0        300        144       5934   pid.o
       266          6          0          0          0       4203   seekfree_icm20602.o
       828          4          0          0          0       6089   seekfree_ips.o
       794        110          0         77      45120      34818   seekfree_mt9v032.o
         0          0       2072          0          0       1213   seekfree_oled.o
        56         24       1024          0       1024       1200   startup_mk66f18.o
      2036        376          0          3          0      28593   system.o
       330         34          0          0          0     730918   system_mk66.o
      3664        456          0          2          0       8178   transformers.o
      1172        122          0          0          0       1073   uart2.o
         0          0          0          0          0     723002   wave.o

    ----------------------------------------------------------------------
     38320       4328       3296       1068      53340    2383967   Object Totals
         0          0         32          0          0          0   (incl. Generated)
        10          0          0          6          6          0   (incl. Padding)

    ----------------------------------------------------------------------

      Code (inc. data)   RO Data    RW Data    ZI Data      Debug   Library Member Name

       744        106        152          0          0        352   atan.o
       496         64          0          0          0        192   atan2.o
        72          8          0          0          0        372   dunder.o
        24          0          0          0          0        124   fabs.o
        48          0          0          0          0        124   fpclassify.o
       248          0          0          0          0        152   poly.o
         0          0          8          0          0          0   qnan.o
        86          0          0          0          0          0   __dczerorl2.o
         0          0          0          0          0          0   entry.o
         0          0          0          0          0          0   entry10a.o
         0          0          0          0          0          0   entry11a.o
         8          4          0          0          0          0   entry2.o
         4          0          0          0          0          0   entry5.o
         0          0          0          0          0          0   entry7b.o
         0          0          0          0          0          0   entry8b.o
         8          4          0          0          0          0   entry9a.o
        30          0          0          0          0          0   handlers.o
        36          8          0          0          0         68   init.o
         0          0          0          0          0          0   iusefp.o
        98          0          0          0          0         84   ldiv.o
        30          0          0          0          0         68   llshl.o
        36          0          0          0          0         68   llsshr.o
        32          0          0          0          0         68   llushr.o
        36          0          0          0          0         68   memcpya.o
        36          0          0          0          0        108   memseta.o
        98          0          0          0          0         92   uldiv.o
        48          0          0          0          0         68   cdcmple.o
        56          0          0          0          0         88   d2f.o
       334          0          0          0          0        148   dadd.o
       222          0          0          0          0        100   ddiv.o
       186          0          0          0          0        176   depilogue.o
        62          0          0          0          0         80   dfixi.o
        34          0          0          0          0         76   dflti.o
       228          0          0          0          0         96   dmul.o
        38          0          0          0          0         68   f2d.o
       110          0          0          0          0        168   fepilogue.o
        44          0          0          0          0         92   ffltl.o

    ----------------------------------------------------------------------
      3536        194        160          0          0       3100   Library Totals
         4          0          0          0          0          0   (incl. Padding)

    ----------------------------------------------------------------------

      Code (inc. data)   RO Data    RW Data    ZI Data      Debug   Library Name

      1632        178        160          0          0       1316   m_wm.l
       538         16          0          0          0        624   mc_w.l
      1362          0          0          0          0       1160   mf_w.l

    ----------------------------------------------------------------------
      3536        194        160          0          0       3100   Library Totals

    ----------------------------------------------------------------------

==============================================================================


      Code (inc. data)   RO Data    RW Data    ZI Data      Debug   

     41856       4522       3456       1068      53340    2373519   Grand Totals
     41856       4522       3456        328      53340    2373519   ELF Image Totals (compressed)
     41856       4522       3456        328          0          0   ROM Totals

==============================================================================

    Total RO  Size (Code + RO Data)                45312 (  44.25kB)
    Total RW  Size (RW Data + ZI Data)             54408 (  53.13kB)
    Total ROM Size (Code + RO Data + RW Data)      45640 (  44.57kB)

==============================================================================

